[cursosfree7.blogspot.com/index.html]
[backblue.gif]
[fade.gif]
[index.html]
[cursosfree7.blogspot.com/favicon.ico]
[blogger.googleusercontent.com/img/b/R29vZ2xl/AVvXsEgBKby9xQndM6TzgmwCNfwdcM49p4BdKEPsXx28qXV/s320/photo_2021-12-31_00-38-43.jpg]
[cdnjs.cloudflare.com/ajax/libs/font-awesome/5.8.2/css/all.min.css]
[4.bp.blogspot.com/-O3EpVMWcoKw/WxY6-6I4--I/AAAAAAAAB2s/KzC0FqUQtkMdw7VzT6oOR_8vbZO6EJc-ACK4BGAYYCw/w680/nth.png]
[cursosfree7.blogspot.com/search.html]
[cursosfree7.blogspot.com/2023/02/curso-de-dropship-f15d-luciano-augusto.html]
[blogger.googleusercontent.com/img/b/R29vZ2xl/AVvXsEgBKby9xQndM6TzgmwCNfwdcM49p4BdKEPsXx28qXV/w72-h72-p-k-no-nu/photo_2021-12-31_00-38-43.jpg]
[cursosfree7.blogspot.com/search/label/cursos.html]
[cursosfree7.blogspot.com/2023/02/minecraft-pe-apk.html]
[cursosfree7.blogspot.com/search/label/apks.html]
[cursosfree7.blogspot.com/2023/02/design-de-personagens-para-animacao.html]
[blogger.googleusercontent.com/img/b/R29vZ2xl/AVvXsEh_fKTN_k8G4OZDl-vhd2Ix3AQ49iIrzzEcQ2Ntpxy/w72-h72-p-k-no-nu/imagem_2023-02-11_103750007.png]
[cursosfree7.blogspot.com/search/label/domestika.html]
[cursosfree7.blogspot.com/search/label/jogos.html]
[cursosfree7.blogspot.com/search/label/Marcador1.html]
[telegra.ph/file/dc0a23557ca6a2937618f.jpg]
[ajax.googleapis.com/ajax/libs/jquery/1.12.4/jquery.min.js]
[connect.facebook.net/en_US/sdk.js]
[www.blogger.com/static/v1/widgets/4056224860-widgets.js]
[cursosfree7.blogspot.com/index.html]
[cdnjs.cloudflare.com/ajax/libs/font-awesome/5.8.2/css/all.min.css]
[cursosfree7.blogspot.com/search.html]
[www.blogger.com/dyn-css/authorization6e4d.css]
[blogger.googleusercontent.com/img/b/R29vZ2xl/AVvXsEgBKby9xQndM6TzgmwCNfwdcM49p4BdKEPsXx28qXV/s1280/photo_2021-12-31_00-38-43.jpg]
[www.blogger.com/static/v1/jsbin/3469866930-comment_from_post_iframe.js]
[cursosfree7.blogspot.com/2023/02/curso-de-dropship-f15d-luciano-augusto.html]
[cursosfree7.blogspot.com/search/label/cursos.html]
[cursosfree7.blogspot.com/2023/02/minecraft-pe-apk.html]
[cursosfree7.blogspot.com/search/label/apks.html]
[blogger.googleusercontent.com/img/b/R29vZ2xl/AVvXsEh_fKTN_k8G4OZDl-vhd2Ix3AQ49iIrzzEcQ2Ntpxy/s320/imagem_2023-02-11_103750007.png]
[blogger.googleusercontent.com/img/b/R29vZ2xl/AVvXsEh_fKTN_k8G4OZDl-vhd2Ix3AQ49iIrzzEcQ2Ntpxy/s1200/imagem_2023-02-11_103750007.png]
[cursosfree7.blogspot.com/2023/02/design-de-personagens-para-animacao.html]
[cursosfree7.blogspot.com/search/label/domestika.html]
[cursosfree7.blogspot.com/search/label/jogos.html]
[cursosfree7.blogspot.com/search/label/Marcador1.html]
[connect.facebook.net/en_US/sdk.js]
[www.blogger.com/dyn-css/authorization6e4d.css]
